============================================================
  Generated by:           Genus(TM) Synthesis Solution 23.14-s090_1
  Generated on:           Aug 28 2026  07:03:50 am
  Module:                 proposed_sbox_lut
  Operating conditions:   typical (balanced_tree)
  Wireload mode:          enclosed
  Area mode:              timing library
============================================================


Path 1: MET (9690 ps) Late External Delay Assertion at pin dout[2]
          Group: VCLK
     Startpoint: (F) din[0]
          Clock: (R) VCLK
       Endpoint: (F) dout[2]
          Clock: (R) VCLK

                     Capture       Launch     
        Clock Edge:+   10000            0     
        Drv Adjust:+       0            0     
       Src Latency:+       0            0     
       Net Latency:+       0 (I)        0 (I) 
           Arrival:=   10000            0     
                                              
      Output Delay:-       0                  
     Required Time:=   10000                  
      Launch Clock:-       0                  
       Input Delay:-       0                  
         Data Path:-     310                  
             Slack:=    9690                  

Exceptions/Constraints:
  input_delay               0              in_del_4_1   
  output_delay              0              ou_del_5_1   

#----------------------------------------------------------------------------------------
# Timing Point   Flags    Arc   Edge   Cell     Fanout Load Trans Delay Arrival Instance 
#                                                      (fF)  (ps)  (ps)   (ps)  Location 
#----------------------------------------------------------------------------------------
  din[0]         <<<     -      F     (arrival)      4  7.8     0     0       0    (-,-) 
  g956/ZN        -       A->ZN  R     INV_X1         6 12.5    31    51      51    (-,-) 
  g950__9315/ZN  -       A1->ZN F     NOR2_X1        3  5.7    13    38      89    (-,-) 
  g936__1881/ZN  -       A1->ZN R     NOR2_X1        2  4.0    26    52     141    (-,-) 
  g930__5122/ZN  -       A1->ZN F     OAI22_X1       1  1.8    13    36     176    (-,-) 
  g925__5526/ZN  -       A->ZN  R     AOI221_X1      1  1.9    43    85     262    (-,-) 
  g924__4319/ZN  -       A->ZN  F     OAI221_X1      1  0.3    15    47     308    (-,-) 
  dout[2]        <<<     -      F     (port)         -    -     -     2     310    (-,-) 
#----------------------------------------------------------------------------------------



Path 2: MET (9701 ps) Late External Delay Assertion at pin dout[4]
          Group: VCLK
     Startpoint: (F) din[0]
          Clock: (R) VCLK
       Endpoint: (F) dout[4]
          Clock: (R) VCLK

                     Capture       Launch     
        Clock Edge:+   10000            0     
        Drv Adjust:+       0            0     
       Src Latency:+       0            0     
       Net Latency:+       0 (I)        0 (I) 
           Arrival:=   10000            0     
                                              
      Output Delay:-       0                  
     Required Time:=   10000                  
      Launch Clock:-       0                  
       Input Delay:-       0                  
         Data Path:-     299                  
             Slack:=    9701                  

Exceptions/Constraints:
  input_delay               0              in_del_4_1   
  output_delay              0              ou_del       

#----------------------------------------------------------------------------------------
# Timing Point   Flags    Arc   Edge   Cell     Fanout Load Trans Delay Arrival Instance 
#                                                      (fF)  (ps)  (ps)   (ps)  Location 
#----------------------------------------------------------------------------------------
  din[0]         <<<     -      F     (arrival)      4  7.8     0     0       0    (-,-) 
  g956/ZN        -       A->ZN  R     INV_X1         6 12.5    31    51      51    (-,-) 
  g952__9945/ZN  -       A1->ZN F     NOR2_X1        4  7.4    14    41      92    (-,-) 
  g932__8246/ZN  -       A->ZN  R     AOI21_X1       1  2.0    23    60     151    (-,-) 
  g926__3680/ZN  -       B1->ZN F     OAI221_X1      1  1.8    17    43     194    (-,-) 
  g921__6260/ZN  -       B->ZN  R     AOI211_X1      1  1.9    38    80     274    (-,-) 
  g919__2398/ZN  -       A1->ZN F     NAND2_X1       1  0.3    10    24     297    (-,-) 
  dout[4]        <<<     -      F     (port)         -    -     -     2     299    (-,-) 
#----------------------------------------------------------------------------------------



Path 3: MET (9715 ps) Late External Delay Assertion at pin dout[1]
          Group: VCLK
     Startpoint: (F) din[0]
          Clock: (R) VCLK
       Endpoint: (F) dout[1]
          Clock: (R) VCLK

                     Capture       Launch     
        Clock Edge:+   10000            0     
        Drv Adjust:+       0            0     
       Src Latency:+       0            0     
       Net Latency:+       0 (I)        0 (I) 
           Arrival:=   10000            0     
                                              
      Output Delay:-       0                  
     Required Time:=   10000                  
      Launch Clock:-       0                  
       Input Delay:-       0                  
         Data Path:-     285                  
             Slack:=    9715                  

Exceptions/Constraints:
  input_delay               0              in_del_4_1   
  output_delay              0              ou_del_6_1   

#----------------------------------------------------------------------------------------
# Timing Point   Flags    Arc   Edge   Cell     Fanout Load Trans Delay Arrival Instance 
#                                                      (fF)  (ps)  (ps)   (ps)  Location 
#----------------------------------------------------------------------------------------
  din[0]         <<<     -      F     (arrival)      4  7.8     0     0       0    (-,-) 
  g956/ZN        -       A->ZN  R     INV_X1         6 12.5    31    51      51    (-,-) 
  g952__9945/ZN  -       A1->ZN F     NOR2_X1        4  7.4    14    41      92    (-,-) 
  g948/ZN        -       A->ZN  R     INV_X1         3  6.1    17    43     135    (-,-) 
  g927__1617/ZN  -       B1->ZN F     OAI221_X1      1  1.7    17    45     180    (-,-) 
  g922__8428/ZN  -       C1->ZN R     AOI221_X1      1  1.9    43    61     241    (-,-) 
  g920__5107/ZN  -       A->ZN  F     OAI211_X1      1  0.3    14    42     283    (-,-) 
  dout[1]        <<<     -      F     (port)         -    -     -     2     285    (-,-) 
#----------------------------------------------------------------------------------------



Path 4: MET (9774 ps) Late External Delay Assertion at pin dout[3]
          Group: VCLK
     Startpoint: (R) din[0]
          Clock: (R) VCLK
       Endpoint: (F) dout[3]
          Clock: (R) VCLK

                     Capture       Launch     
        Clock Edge:+   10000            0     
        Drv Adjust:+       0            0     
       Src Latency:+       0            0     
       Net Latency:+       0 (I)        0 (I) 
           Arrival:=   10000            0     
                                              
      Output Delay:-       0                  
     Required Time:=   10000                  
      Launch Clock:-       0                  
       Input Delay:-       0                  
         Data Path:-     226                  
             Slack:=    9774                  

Exceptions/Constraints:
  input_delay               0              in_del_4_1   
  output_delay              0              ou_del_4_1   

#----------------------------------------------------------------------------------------
# Timing Point   Flags    Arc   Edge   Cell     Fanout Load Trans Delay Arrival Instance 
#                                                      (fF)  (ps)  (ps)   (ps)  Location 
#----------------------------------------------------------------------------------------
  din[0]         <<<     -      R     (arrival)      4  8.3     0     0       0    (-,-) 
  g956/ZN        -       A->ZN  F     INV_X1         6 11.2    13    33      33    (-,-) 
  g950__9315/ZN  -       A1->ZN R     NOR2_X1        3  6.0    35    64      97    (-,-) 
  g936__1881/ZN  -       A1->ZN F     NOR2_X1        2  3.8    12    32     129    (-,-) 
  g929__1705/ZN  -       B1->ZN R     AOI22_X1       1  1.9    25    57     186    (-,-) 
  g923__6783/ZN  -       A->ZN  F     OAI211_X1      1  0.3    15    38     224    (-,-) 
  dout[3]        <<<     -      F     (port)         -    -     -     2     226    (-,-) 
#----------------------------------------------------------------------------------------



Path 5: MET (9799 ps) Late External Delay Assertion at pin dout[0]
          Group: VCLK
     Startpoint: (F) din[0]
          Clock: (R) VCLK
       Endpoint: (R) dout[0]
          Clock: (R) VCLK

                     Capture       Launch     
        Clock Edge:+   10000            0     
        Drv Adjust:+       0            0     
       Src Latency:+       0            0     
       Net Latency:+       0 (I)        0 (I) 
           Arrival:=   10000            0     
                                              
      Output Delay:-       0                  
     Required Time:=   10000                  
      Launch Clock:-       0                  
       Input Delay:-       0                  
         Data Path:-     201                  
             Slack:=    9799                  

Exceptions/Constraints:
  input_delay               0              in_del_4_1   
  output_delay              0              ou_del_7_1   

#----------------------------------------------------------------------------------------
# Timing Point   Flags    Arc   Edge   Cell     Fanout Load Trans Delay Arrival Instance 
#                                                      (fF)  (ps)  (ps)   (ps)  Location 
#----------------------------------------------------------------------------------------
  din[0]         <<<     -      F     (arrival)      4  7.8     0     0       0    (-,-) 
  g956/ZN        -       A->ZN  R     INV_X1         6 12.5    31    51      51    (-,-) 
  g951__2883/ZN  -       A1->ZN F     NAND2_X1       4  7.7    20    51     102    (-,-) 
  g940__5115/ZN  -       A->ZN  R     OAI21_X1       1  2.5    22    44     146    (-,-) 
  g928__2802/ZN  -       A->ZN  R     XNOR2_X1       1  0.3    12    53     199    (-,-) 
  dout[0]        <<<     -      R     (port)         -    -     -     2     201    (-,-) 
#----------------------------------------------------------------------------------------

