============================================================
  Generated by:           Genus(TM) Synthesis Solution 23.14-s090_1
  Generated on:           Aug 28 2026  07:03:50 am
  Module:                 proposed_sbox_lut
  Operating conditions:   typical (balanced_tree)
  Wireload mode:          enclosed
  Area mode:              timing library
============================================================

Timing
--------

Clock  Period 
--------------
VCLK  10000.0 


  Cost    Critical         Violating 
 Group   Path Slack  TNS     Paths   
-------------------------------------
default    No paths   0.0            
VCLK         9689.6   0.0          0 
-------------------------------------
Total                 0.0          0 

Instance Count
--------------
Leaf Instance Count             39 
Physical Instance count          0 
Sequential Instance Count        0 
Combinational Instance Count    39 
Hierarchical Instance Count      0 

Area
----
Cell Area                          38.304
Physical Cell Area                 0.000
Total Cell Area (Cell+Physical)    38.304
Net Area                           0.000
Total Area (Cell+Physical+Net)     38.304

Max Fanout                         9 (din[2])
Min Fanout                         1 (n_0)
Average Fanout                     2.4
Terms to net ratio                 3.2045
Terms to instance ratio            3.6154
Runtime                            19.955348 seconds
Elapsed Runtime                    21 seconds
Genus peak memory usage            1568.54 
Innovus peak memory usage          no_value 
Hostname                           dtvm
