============================================================
  Generated by:           Genus(TM) Synthesis Solution 23.14-s090_1
  Generated on:           Aug 28 2026  07:03:50 am
  Module:                 proposed_sbox_lut
  Operating conditions:   typical (balanced_tree)
  Wireload mode:          enclosed
  Area mode:              timing library
============================================================

                             
   Gate    Instances   Area           Library          
-------------------------------------------------------
AOI211_X1          1   1.330    NangateOpenCellLibrary 
AOI21_X1           1   1.064    NangateOpenCellLibrary 
AOI221_X1          2   3.192    NangateOpenCellLibrary 
AOI22_X1           2   2.660    NangateOpenCellLibrary 
INV_X1             9   4.788    NangateOpenCellLibrary 
NAND2_X1           6   4.788    NangateOpenCellLibrary 
NAND3_X1           3   3.192    NangateOpenCellLibrary 
NOR2_X1            6   4.788    NangateOpenCellLibrary 
NOR3_X1            1   1.064    NangateOpenCellLibrary 
OAI211_X1          2   2.660    NangateOpenCellLibrary 
OAI21_X1           1   1.064    NangateOpenCellLibrary 
OAI221_X1          3   4.788    NangateOpenCellLibrary 
OAI22_X1           1   1.330    NangateOpenCellLibrary 
XNOR2_X1           1   1.596    NangateOpenCellLibrary 
-------------------------------------------------------
total             39  38.304                           


                                       
     Type      Instances  Area  Area % 
---------------------------------------
inverter               9  4.788   12.5 
logic                 30 33.516   87.5 
physical_cells         0  0.000    0.0 
---------------------------------------
total                 39 38.304  100.0 

