============================================================
  Generated by:           Genus(TM) Synthesis Solution 23.14-s090_1
  Generated on:           Aug 28 2026  07:05:38 am
  Module:                 proposed_sbox_shared_affine
  Operating conditions:   typical (balanced_tree)
  Wireload mode:          enclosed
  Area mode:              timing library
============================================================


Path 1: MET (9668 ps) Late External Delay Assertion at pin dout[2]
          Group: VCLK
     Startpoint: (F) din[1]
          Clock: (R) VCLK
       Endpoint: (F) dout[2]
          Clock: (R) VCLK

                     Capture       Launch     
        Clock Edge:+   10000            0     
        Drv Adjust:+       0            0     
       Src Latency:+       0            0     
       Net Latency:+       0 (I)        0 (I) 
           Arrival:=   10000            0     
                                              
      Output Delay:-       0                  
     Required Time:=   10000                  
      Launch Clock:-       0                  
       Input Delay:-       0                  
         Data Path:-     332                  
             Slack:=    9668                  

Exceptions/Constraints:
  input_delay               0              in_del_3_1   
  output_delay              0              ou_del_5_1   

#----------------------------------------------------------------------------------------
# Timing Point   Flags    Arc   Edge   Cell     Fanout Load Trans Delay Arrival Instance 
#                                                      (fF)  (ps)  (ps)   (ps)  Location 
#----------------------------------------------------------------------------------------
  din[1]         <<<     -      F     (arrival)      5 11.1     0     0       0    (-,-) 
  g453__2883/Z   -       B->Z   F     XOR2_X1        1  2.4    12    76      76    (-,-) 
  g449__7098/ZN  -       A->ZN  F     XNOR2_X1       4  6.8    18    65     141    (-,-) 
  g448__2802/ZN  -       A1->ZN F     OR2_X1         2  5.3    13    66     208    (-,-) 
  g440__4319/Z   -       A->Z   F     XOR2_X1        1  2.4    12    71     279    (-,-) 
  g437__6260/ZN  -       A->ZN  F     XNOR2_X1       1  0.3     9    51     330    (-,-) 
  dout[2]        <<<     -      F     (port)         -    -     -     2     332    (-,-) 
#----------------------------------------------------------------------------------------



Path 2: MET (9686 ps) Late External Delay Assertion at pin dout[4]
          Group: VCLK
     Startpoint: (F) din[1]
          Clock: (R) VCLK
       Endpoint: (R) dout[4]
          Clock: (R) VCLK

                     Capture       Launch     
        Clock Edge:+   10000            0     
        Drv Adjust:+       0            0     
       Src Latency:+       0            0     
       Net Latency:+       0 (I)        0 (I) 
           Arrival:=   10000            0     
                                              
      Output Delay:-       0                  
     Required Time:=   10000                  
      Launch Clock:-       0                  
       Input Delay:-       0                  
         Data Path:-     314                  
             Slack:=    9686                  

Exceptions/Constraints:
  input_delay               0              in_del_3_1   
  output_delay              0              ou_del       

#----------------------------------------------------------------------------------------
# Timing Point   Flags    Arc   Edge   Cell     Fanout Load Trans Delay Arrival Instance 
#                                                      (fF)  (ps)  (ps)   (ps)  Location 
#----------------------------------------------------------------------------------------
  din[1]         <<<     -      F     (arrival)      5 11.1     0     0       0    (-,-) 
  g453__2883/Z   -       B->Z   F     XOR2_X1        1  2.4    12    76      76    (-,-) 
  g449__7098/ZN  -       A->ZN  F     XNOR2_X1       4  6.8    18    65     141    (-,-) 
  g444__1705/ZN  -       A1->ZN R     NOR2_X1        1  2.5    20    48     189    (-,-) 
  g441__6783/Z   -       A->Z   R     XOR2_X1        1  2.5    25    69     258    (-,-) 
  g436__2398/ZN  -       A->ZN  R     XNOR2_X1       1  0.3    12    54     312    (-,-) 
  dout[4]        <<<     -      R     (port)         -    -     -     2     314    (-,-) 
#----------------------------------------------------------------------------------------



Path 3: MET (9691 ps) Late External Delay Assertion at pin dout[3]
          Group: VCLK
     Startpoint: (F) din[1]
          Clock: (R) VCLK
       Endpoint: (F) dout[3]
          Clock: (R) VCLK

                     Capture       Launch     
        Clock Edge:+   10000            0     
        Drv Adjust:+       0            0     
       Src Latency:+       0            0     
       Net Latency:+       0 (I)        0 (I) 
           Arrival:=   10000            0     
                                              
      Output Delay:-       0                  
     Required Time:=   10000                  
      Launch Clock:-       0                  
       Input Delay:-       0                  
         Data Path:-     309                  
             Slack:=    9691                  

Exceptions/Constraints:
  input_delay               0              in_del_3_1   
  output_delay              0              ou_del_4_1   

#----------------------------------------------------------------------------------------
# Timing Point   Flags    Arc   Edge   Cell     Fanout Load Trans Delay Arrival Instance 
#                                                      (fF)  (ps)  (ps)   (ps)  Location 
#----------------------------------------------------------------------------------------
  din[1]         <<<     -      F     (arrival)      5 11.1     0     0       0    (-,-) 
  g453__2883/Z   -       B->Z   F     XOR2_X1        1  2.4    12    76      76    (-,-) 
  g449__7098/ZN  -       A->ZN  R     XNOR2_X1       4  7.4    45    72     149    (-,-) 
  g445__5122/ZN  -       A1->ZN F     NAND2_X1       1  2.5    16    38     187    (-,-) 
  g442__8428/Z   -       A->Z   F     XOR2_X1        1  2.4    12    70     257    (-,-) 
  g438__5107/ZN  -       A->ZN  F     XNOR2_X1       1  0.3     9    51     307    (-,-) 
  dout[3]        <<<     -      F     (port)         -    -     -     2     309    (-,-) 
#----------------------------------------------------------------------------------------



Path 4: MET (9759 ps) Late External Delay Assertion at pin dout[1]
          Group: VCLK
     Startpoint: (F) din[1]
          Clock: (R) VCLK
       Endpoint: (F) dout[1]
          Clock: (R) VCLK

                     Capture       Launch     
        Clock Edge:+   10000            0     
        Drv Adjust:+       0            0     
       Src Latency:+       0            0     
       Net Latency:+       0 (I)        0 (I) 
           Arrival:=   10000            0     
                                              
      Output Delay:-       0                  
     Required Time:=   10000                  
      Launch Clock:-       0                  
       Input Delay:-       0                  
         Data Path:-     241                  
             Slack:=    9759                  

Exceptions/Constraints:
  input_delay               0              in_del_3_1   
  output_delay              0              ou_del_6_1   

#----------------------------------------------------------------------------------------
# Timing Point   Flags    Arc   Edge   Cell     Fanout Load Trans Delay Arrival Instance 
#                                                      (fF)  (ps)  (ps)   (ps)  Location 
#----------------------------------------------------------------------------------------
  din[1]         <<<     -      F     (arrival)      5 11.1     0     0       0    (-,-) 
  g453__2883/Z   -       B->Z   F     XOR2_X1        1  2.4    12    76      76    (-,-) 
  g449__7098/ZN  -       A->ZN  R     XNOR2_X1       4  7.4    45    72     149    (-,-) 
  g443__1617/ZN  -       A1->ZN F     NAND2_X1       1  2.4    15    38     187    (-,-) 
  g439__5526/ZN  -       A->ZN  F     XNOR2_X1       1  0.3    10    52     239    (-,-) 
  dout[1]        <<<     -      F     (port)         -    -     -     2     241    (-,-) 
#----------------------------------------------------------------------------------------



Path 5: MET (9820 ps) Late External Delay Assertion at pin dout[0]
          Group: VCLK
     Startpoint: (R) din[3]
          Clock: (R) VCLK
       Endpoint: (R) dout[0]
          Clock: (R) VCLK

                     Capture       Launch     
        Clock Edge:+   10000            0     
        Drv Adjust:+       0            0     
       Src Latency:+       0            0     
       Net Latency:+       0 (I)        0 (I) 
           Arrival:=   10000            0     
                                              
      Output Delay:-       0                  
     Required Time:=   10000                  
      Launch Clock:-       0                  
       Input Delay:-       0                  
         Data Path:-     180                  
             Slack:=    9820                  

Exceptions/Constraints:
  input_delay               0              in_del_1_1   
  output_delay              0              ou_del_7_1   

#----------------------------------------------------------------------------------------
# Timing Point   Flags    Arc   Edge   Cell     Fanout Load Trans Delay Arrival Instance 
#                                                      (fF)  (ps)  (ps)   (ps)  Location 
#----------------------------------------------------------------------------------------
  din[3]         <<<     -      R     (arrival)      4  8.2     0     0       0    (-,-) 
  g463/ZN        -       A->ZN  F     INV_X1         3  5.5     7    26      26    (-,-) 
  g461__9945/ZN  -       A1->ZN R     NOR2_X1        1  2.5    19    42      68    (-,-) 
  g452__6131/ZN  -       A->ZN  R     XNOR2_X1       1  2.5    22    58     126    (-,-) 
  g446__3680/ZN  -       A->ZN  R     XNOR2_X1       1  0.3    12    53     179    (-,-) 
  dout[0]        <<<     -      R     (port)         -    -     -     2     180    (-,-) 
#----------------------------------------------------------------------------------------

