============================================================
  Generated by:           Genus(TM) Synthesis Solution 23.14-s090_1
  Generated on:           Aug 28 2026  07:05:38 am
  Module:                 proposed_sbox_shared_affine
  Operating conditions:   typical (balanced_tree)
  Wireload mode:          enclosed
  Area mode:              timing library
============================================================

Timing
--------

Clock  Period 
--------------
VCLK  10000.0 


  Cost    Critical         Violating 
 Group   Path Slack  TNS     Paths   
-------------------------------------
default    No paths   0.0            
VCLK         9668.3   0.0          0 
-------------------------------------
Total                 0.0          0 

Instance Count
--------------
Leaf Instance Count             28 
Physical Instance count          0 
Sequential Instance Count        0 
Combinational Instance Count    28 
Hierarchical Instance Count      0 

Area
----
Cell Area                          32.718
Physical Cell Area                 0.000
Total Cell Area (Cell+Physical)    32.718
Net Area                           0.000
Total Area (Cell+Physical+Net)     32.718

Max Fanout                         5 (din[1])
Min Fanout                         1 (n_0)
Average Fanout                     1.8
Terms to net ratio                 2.4848
Terms to instance ratio            2.9286
Runtime                            18.964107 seconds
Elapsed Runtime                    20 seconds
Genus peak memory usage            1565.43 
Innovus peak memory usage          no_value 
Hostname                           dtvm
