============================================================
  Generated by:           Genus(TM) Synthesis Solution 23.14-s090_1
  Generated on:           Aug 28 2026  07:05:38 am
  Module:                 proposed_sbox_shared_affine
  Operating conditions:   typical (balanced_tree)
  Wireload mode:          enclosed
  Area mode:              timing library
============================================================

                            
  Gate    Instances   Area           Library          
------------------------------------------------------
AND2_X1           1   1.064    NangateOpenCellLibrary 
INV_X1            2   1.064    NangateOpenCellLibrary 
NAND2_X1          9   7.182    NangateOpenCellLibrary 
NOR2_X1           2   1.596    NangateOpenCellLibrary 
OR2_X1            1   1.064    NangateOpenCellLibrary 
XNOR2_X1          8  12.768    NangateOpenCellLibrary 
XOR2_X1           5   7.980    NangateOpenCellLibrary 
------------------------------------------------------
total            28  32.718                           


                                       
     Type      Instances  Area  Area % 
---------------------------------------
inverter               2  1.064    3.3 
logic                 26 31.654   96.7 
physical_cells         0  0.000    0.0 
---------------------------------------
total                 28 32.718  100.0 

