============================================================
  Generated by:           Genus(TM) Synthesis Solution 23.14-s090_1
  Generated on:           Aug 28 2026  07:05:16 am
  Module:                 proposed_sbox_factorized
  Operating conditions:   typical (balanced_tree)
  Wireload mode:          enclosed
  Area mode:              timing library
============================================================


Path 1: MET (9749 ps) Late External Delay Assertion at pin dout[1]
          Group: VCLK
     Startpoint: (R) din[0]
          Clock: (R) VCLK
       Endpoint: (R) dout[1]
          Clock: (R) VCLK

                     Capture       Launch     
        Clock Edge:+   10000            0     
        Drv Adjust:+       0            0     
       Src Latency:+       0            0     
       Net Latency:+       0 (I)        0 (I) 
           Arrival:=   10000            0     
                                              
      Output Delay:-       0                  
     Required Time:=   10000                  
      Launch Clock:-       0                  
       Input Delay:-       0                  
         Data Path:-     251                  
             Slack:=    9749                  

Exceptions/Constraints:
  input_delay               0              in_del_4_1   
  output_delay              0              ou_del_6_1   

#----------------------------------------------------------------------------------------
# Timing Point   Flags    Arc   Edge   Cell     Fanout Load Trans Delay Arrival Instance 
#                                                      (fF)  (ps)  (ps)   (ps)  Location 
#----------------------------------------------------------------------------------------
  din[0]         <<<     -      R     (arrival)      5 11.1     0     0       0    (-,-) 
  g537__9945/Z   -       A->Z   R     XOR2_X1        4  7.5    49    93      93    (-,-) 
  g525__6131/ZN  -       B1->ZN F     AOI21_X1       1  1.9    16    37     130    (-,-) 
  g519__8428/ZN  -       B1->ZN R     AOI22_X1       1  2.5    28    60     190    (-,-) 
  g517__6260/Z   -       A->Z   R     XOR2_X1        1  0.3    15    59     249    (-,-) 
  dout[1]        <<<     -      R     (port)         -    -     -     2     251    (-,-) 
#----------------------------------------------------------------------------------------



Path 2: MET (9765 ps) Late External Delay Assertion at pin dout[2]
          Group: VCLK
     Startpoint: (R) din[0]
          Clock: (R) VCLK
       Endpoint: (F) dout[2]
          Clock: (R) VCLK

                     Capture       Launch     
        Clock Edge:+   10000            0     
        Drv Adjust:+       0            0     
       Src Latency:+       0            0     
       Net Latency:+       0 (I)        0 (I) 
           Arrival:=   10000            0     
                                              
      Output Delay:-       0                  
     Required Time:=   10000                  
      Launch Clock:-       0                  
       Input Delay:-       0                  
         Data Path:-     235                  
             Slack:=    9765                  

Exceptions/Constraints:
  input_delay               0              in_del_4_1   
  output_delay              0              ou_del_5_1   

#----------------------------------------------------------------------------------------
# Timing Point   Flags    Arc   Edge   Cell     Fanout Load Trans Delay Arrival Instance 
#                                                      (fF)  (ps)  (ps)   (ps)  Location 
#----------------------------------------------------------------------------------------
  din[0]         <<<     -      R     (arrival)      5 11.1     0     0       0    (-,-) 
  g537__9945/Z   -       A->Z   R     XOR2_X1        4  7.5    49    93      93    (-,-) 
  g535/ZN        -       A->ZN  F     INV_X1         2  2.9    13    30     124    (-,-) 
  g530__8246/ZN  -       A1->ZN F     OR2_X1         1  2.7    10    57     181    (-,-) 
  g516__5107/ZN  -       B->ZN  F     XNOR2_X1       1  0.3     8    53     234    (-,-) 
  dout[2]        <<<     -      F     (port)         -    -     -     2     235    (-,-) 
#----------------------------------------------------------------------------------------



Path 3: MET (9779 ps) Late External Delay Assertion at pin dout[3]
          Group: VCLK
     Startpoint: (R) din[0]
          Clock: (R) VCLK
       Endpoint: (R) dout[3]
          Clock: (R) VCLK

                     Capture       Launch     
        Clock Edge:+   10000            0     
        Drv Adjust:+       0            0     
       Src Latency:+       0            0     
       Net Latency:+       0 (I)        0 (I) 
           Arrival:=   10000            0     
                                              
      Output Delay:-       0                  
     Required Time:=   10000                  
      Launch Clock:-       0                  
       Input Delay:-       0                  
         Data Path:-     221                  
             Slack:=    9779                  

Exceptions/Constraints:
  input_delay               0              in_del_4_1   
  output_delay              0              ou_del_4_1   

#----------------------------------------------------------------------------------------
# Timing Point   Flags    Arc   Edge   Cell     Fanout Load Trans Delay Arrival Instance 
#                                                      (fF)  (ps)  (ps)   (ps)  Location 
#----------------------------------------------------------------------------------------
  din[0]         <<<     -      R     (arrival)      5 11.1     0     0       0    (-,-) 
  g537__9945/Z   -       A->Z   R     XOR2_X1        4  7.5    49    93      93    (-,-) 
  g535/ZN        -       A->ZN  F     INV_X1         2  2.9    13    30     124    (-,-) 
  g529__1705/ZN  -       A1->ZN R     NOR2_X1        1  2.5    19    43     167    (-,-) 
  g518__5526/ZN  -       A->ZN  R     XNOR2_X1       1  0.3    12    52     219    (-,-) 
  dout[3]        <<<     -      R     (port)         -    -     -     2     221    (-,-) 
#----------------------------------------------------------------------------------------



Path 4: MET (9781 ps) Late External Delay Assertion at pin dout[4]
          Group: VCLK
     Startpoint: (F) din[4]
          Clock: (R) VCLK
       Endpoint: (R) dout[4]
          Clock: (R) VCLK

                     Capture       Launch     
        Clock Edge:+   10000            0     
        Drv Adjust:+       0            0     
       Src Latency:+       0            0     
       Net Latency:+       0 (I)        0 (I) 
           Arrival:=   10000            0     
                                              
      Output Delay:-       0                  
     Required Time:=   10000                  
      Launch Clock:-       0                  
       Input Delay:-       0                  
         Data Path:-     219                  
             Slack:=    9781                  

Exceptions/Constraints:
  input_delay               0              in_del   
  output_delay              0              ou_del   

#----------------------------------------------------------------------------------------
# Timing Point   Flags    Arc   Edge   Cell     Fanout Load Trans Delay Arrival Instance 
#                                                      (fF)  (ps)  (ps)   (ps)  Location 
#----------------------------------------------------------------------------------------
  din[4]         <<<     -      F     (arrival)      6 11.6     0     0       0    (-,-) 
  g539__6417/ZN  -       A2->ZN R     NAND2_X1       2  5.0    17    38      38    (-,-) 
  g534__6161/ZN  -       A->ZN  F     OAI21_X1       2  3.6    12    39      77    (-,-) 
  g524__5122/ZN  -       A1->ZN R     NAND2_X1       1  2.5    11    32     109    (-,-) 
  g521__6783/ZN  -       A->ZN  R     XNOR2_X1       1  2.5    22    55     164    (-,-) 
  g515__2398/ZN  -       A->ZN  R     XNOR2_X1       1  0.3    12    53     217    (-,-) 
  dout[4]        <<<     -      R     (port)         -    -     -     2     219    (-,-) 
#----------------------------------------------------------------------------------------



Path 5: MET (9814 ps) Late External Delay Assertion at pin dout[0]
          Group: VCLK
     Startpoint: (R) din[3]
          Clock: (R) VCLK
       Endpoint: (R) dout[0]
          Clock: (R) VCLK

                     Capture       Launch     
        Clock Edge:+   10000            0     
        Drv Adjust:+       0            0     
       Src Latency:+       0            0     
       Net Latency:+       0 (I)        0 (I) 
           Arrival:=   10000            0     
                                              
      Output Delay:-       0                  
     Required Time:=   10000                  
      Launch Clock:-       0                  
       Input Delay:-       0                  
         Data Path:-     186                  
             Slack:=    9814                  

Exceptions/Constraints:
  input_delay               0              in_del_1_1   
  output_delay              0              ou_del_7_1   

#----------------------------------------------------------------------------------------
# Timing Point   Flags    Arc   Edge   Cell     Fanout Load Trans Delay Arrival Instance 
#                                                      (fF)  (ps)  (ps)   (ps)  Location 
#----------------------------------------------------------------------------------------
  din[3]         <<<     -      R     (arrival)      2  4.0     0     0       0    (-,-) 
  g544/ZN        -       A->ZN  F     INV_X1         5  9.6    11    28      28    (-,-) 
  g541__1666/ZN  -       A1->ZN R     NOR2_X1        1  2.5    19    45      74    (-,-) 
  g532__7098/ZN  -       A->ZN  R     XNOR2_X1       1  2.5    22    58     132    (-,-) 
  g523__3680/ZN  -       A->ZN  R     XNOR2_X1       1  0.3    12    53     185    (-,-) 
  dout[0]        <<<     -      R     (port)         -    -     -     2     186    (-,-) 
#----------------------------------------------------------------------------------------

