============================================================
  Generated by:           Genus(TM) Synthesis Solution 23.14-s090_1
  Generated on:           Aug 28 2026  07:05:16 am
  Module:                 proposed_sbox_factorized
  Operating conditions:   typical (balanced_tree)
  Wireload mode:          enclosed
  Area mode:              timing library
============================================================

Timing
--------

Clock  Period 
--------------
VCLK  10000.0 


  Cost    Critical         Violating 
 Group   Path Slack  TNS     Paths   
-------------------------------------
default    No paths   0.0            
VCLK         9749.2   0.0          0 
-------------------------------------
Total                 0.0          0 

Instance Count
--------------
Leaf Instance Count             31 
Physical Instance count          0 
Sequential Instance Count        0 
Combinational Instance Count    31 
Hierarchical Instance Count      0 

Area
----
Cell Area                          34.314
Physical Cell Area                 0.000
Total Cell Area (Cell+Physical)    34.314
Net Area                           0.000
Total Area (Cell+Physical+Net)     34.314

Max Fanout                         6 (din[4])
Min Fanout                         1 (n_0)
Average Fanout                     1.9
Terms to net ratio                 2.6111
Terms to instance ratio            3.0323
Runtime                            18.958883 seconds
Elapsed Runtime                    20 seconds
Genus peak memory usage            1566.16 
Innovus peak memory usage          no_value 
Hostname                           dtvm
