============================================================
  Generated by:           Genus(TM) Synthesis Solution 23.14-s090_1
  Generated on:           Aug 28 2026  07:05:16 am
  Module:                 proposed_sbox_factorized
  Operating conditions:   typical (balanced_tree)
  Wireload mode:          enclosed
  Area mode:              timing library
============================================================

                            
  Gate    Instances   Area           Library          
------------------------------------------------------
AND2_X1           1   1.064    NangateOpenCellLibrary 
AOI21_X1          1   1.064    NangateOpenCellLibrary 
AOI22_X1          1   1.330    NangateOpenCellLibrary 
INV_X1            3   1.596    NangateOpenCellLibrary 
NAND2_X1          9   7.182    NangateOpenCellLibrary 
NOR2_X1           3   2.394    NangateOpenCellLibrary 
OAI21_X1          1   1.064    NangateOpenCellLibrary 
OR2_X1            1   1.064    NangateOpenCellLibrary 
XNOR2_X1          9  14.364    NangateOpenCellLibrary 
XOR2_X1           2   3.192    NangateOpenCellLibrary 
------------------------------------------------------
total            31  34.314                           


                                       
     Type      Instances  Area  Area % 
---------------------------------------
inverter               3  1.596    4.7 
logic                 28 32.718   95.3 
physical_cells         0  0.000    0.0 
---------------------------------------
total                 31 34.314  100.0 

