============================================================
  Generated by:           Genus(TM) Synthesis Solution 23.14-s090_1
  Generated on:           Aug 28 2026  07:04:12 am
  Module:                 fides_sbox_lut
  Operating conditions:   typical (balanced_tree)
  Wireload mode:          enclosed
  Area mode:              timing library
============================================================


Path 1: MET (9691 ps) Late External Delay Assertion at pin dout[2]
          Group: VCLK
     Startpoint: (F) din[3]
          Clock: (R) VCLK
       Endpoint: (F) dout[2]
          Clock: (R) VCLK

                     Capture       Launch     
        Clock Edge:+   10000            0     
        Drv Adjust:+       0            0     
       Src Latency:+       0            0     
       Net Latency:+       0 (I)        0 (I) 
           Arrival:=   10000            0     
                                              
      Output Delay:-       0                  
     Required Time:=   10000                  
      Launch Clock:-       0                  
       Input Delay:-       0                  
         Data Path:-     309                  
             Slack:=    9691                  

Exceptions/Constraints:
  input_delay               0              in_del_1_1   
  output_delay              0              ou_del_5_1   

#----------------------------------------------------------------------------------------
# Timing Point   Flags    Arc   Edge   Cell     Fanout Load Trans Delay Arrival Instance 
#                                                      (fF)  (ps)  (ps)   (ps)  Location 
#----------------------------------------------------------------------------------------
  din[3]         <<<     -      F     (arrival)      3  5.6     0     0       0    (-,-) 
  g756/ZN        -       A->ZN  R     INV_X1         7 16.1    39    59      59    (-,-) 
  g746__2883/ZN  -       A2->ZN F     NOR2_X1        2  3.7    14    40      99    (-,-) 
  g736__1881/ZN  -       A->ZN  R     AOI21_X1       1  2.0    23    57     156    (-,-) 
  g732__2802/ZN  -       A1->ZN F     OAI22_X1       1  1.8    11    33     188    (-,-) 
  g728__8428/ZN  -       B->ZN  R     AOI211_X1      1  1.9    38    77     266    (-,-) 
  g725__2398/ZN  -       A->ZN  F     OAI211_X1      1  0.3    13    41     307    (-,-) 
  dout[2]        <<<     -      F     (port)         -    -     -     2     309    (-,-) 
#----------------------------------------------------------------------------------------



Path 2: MET (9700 ps) Late External Delay Assertion at pin dout[1]
          Group: VCLK
     Startpoint: (F) din[3]
          Clock: (R) VCLK
       Endpoint: (F) dout[1]
          Clock: (R) VCLK

                     Capture       Launch     
        Clock Edge:+   10000            0     
        Drv Adjust:+       0            0     
       Src Latency:+       0            0     
       Net Latency:+       0 (I)        0 (I) 
           Arrival:=   10000            0     
                                              
      Output Delay:-       0                  
     Required Time:=   10000                  
      Launch Clock:-       0                  
       Input Delay:-       0                  
         Data Path:-     300                  
             Slack:=    9700                  

Exceptions/Constraints:
  input_delay               0              in_del_1_1   
  output_delay              0              ou_del_6_1   

#----------------------------------------------------------------------------------------
# Timing Point   Flags    Arc   Edge   Cell     Fanout Load Trans Delay Arrival Instance 
#                                                      (fF)  (ps)  (ps)   (ps)  Location 
#----------------------------------------------------------------------------------------
  din[3]         <<<     -      F     (arrival)      3  5.6     0     0       0    (-,-) 
  g756/ZN        -       A->ZN  R     INV_X1         7 16.1    39    59      59    (-,-) 
  g749__2346/ZN  -       A1->ZN F     NOR2_X1        2  3.8    13    36      95    (-,-) 
  g735__5122/ZN  -       B2->ZN R     OAI21_X1       1  1.9    19    48     143    (-,-) 
  g731__1617/ZN  -       A->ZN  F     OAI221_X1      1  1.8    17    45     188    (-,-) 
  g729__4319/ZN  -       A->ZN  R     AOI221_X1      1  1.9    43    87     274    (-,-) 
  g727__5107/ZN  -       A1->ZN F     NAND2_X1       1  0.3    11    24     298    (-,-) 
  dout[1]        <<<     -      F     (port)         -    -     -     2     300    (-,-) 
#----------------------------------------------------------------------------------------



Path 3: MET (9736 ps) Late External Delay Assertion at pin dout[3]
          Group: VCLK
     Startpoint: (F) din[3]
          Clock: (R) VCLK
       Endpoint: (F) dout[3]
          Clock: (R) VCLK

                     Capture       Launch     
        Clock Edge:+   10000            0     
        Drv Adjust:+       0            0     
       Src Latency:+       0            0     
       Net Latency:+       0 (I)        0 (I) 
           Arrival:=   10000            0     
                                              
      Output Delay:-       0                  
     Required Time:=   10000                  
      Launch Clock:-       0                  
       Input Delay:-       0                  
         Data Path:-     264                  
             Slack:=    9736                  

Exceptions/Constraints:
  input_delay               0              in_del_1_1   
  output_delay              0              ou_del_4_1   

#----------------------------------------------------------------------------------------
# Timing Point   Flags    Arc   Edge   Cell     Fanout Load Trans Delay Arrival Instance 
#                                                      (fF)  (ps)  (ps)   (ps)  Location 
#----------------------------------------------------------------------------------------
  din[3]         <<<     -      F     (arrival)      3  5.6     0     0       0    (-,-) 
  g756/ZN        -       A->ZN  R     INV_X1         7 16.1    39    59      59    (-,-) 
  g746__2883/ZN  -       A2->ZN F     NOR2_X1        2  3.7    14    40      99    (-,-) 
  g738__7098/ZN  -       A2->ZN R     NOR3_X1        1  2.0    29    63     162    (-,-) 
  g730__5526/ZN  -       B1->ZN F     OAI221_X1      1  2.4    20    46     207    (-,-) 
  g726__6260/ZN  -       A->ZN  F     XNOR2_X1       1  0.3    11    54     262    (-,-) 
  dout[3]        <<<     -      F     (port)         -    -     -     2     264    (-,-) 
#----------------------------------------------------------------------------------------



Path 4: MET (9799 ps) Late External Delay Assertion at pin dout[0]
          Group: VCLK
     Startpoint: (R) din[0]
          Clock: (R) VCLK
       Endpoint: (R) dout[0]
          Clock: (R) VCLK

                     Capture       Launch     
        Clock Edge:+   10000            0     
        Drv Adjust:+       0            0     
       Src Latency:+       0            0     
       Net Latency:+       0 (I)        0 (I) 
           Arrival:=   10000            0     
                                              
      Output Delay:-       0                  
     Required Time:=   10000                  
      Launch Clock:-       0                  
       Input Delay:-       0                  
         Data Path:-     201                  
             Slack:=    9799                  

Exceptions/Constraints:
  input_delay               0              in_del_4_1   
  output_delay              0              ou_del_7_1   

#----------------------------------------------------------------------------------------
# Timing Point   Flags    Arc   Edge   Cell     Fanout Load Trans Delay Arrival Instance 
#                                                      (fF)  (ps)  (ps)   (ps)  Location 
#----------------------------------------------------------------------------------------
  din[0]         <<<     -      R     (arrival)      4  8.4     0     0       0    (-,-) 
  g757/ZN        -       A->ZN  F     INV_X1         4  7.5     9    28      28    (-,-) 
  g754__1666/ZN  -       A1->ZN R     NOR2_X1        2  4.5    28    54      82    (-,-) 
  g739__1705/ZN  -       A->ZN  R     XNOR2_X1       1  2.5    22    64     146    (-,-) 
  g733__3680/ZN  -       A->ZN  R     XNOR2_X1       1  0.3    13    53     199    (-,-) 
  dout[0]        <<<     -      R     (port)         -    -     -     2     201    (-,-) 
#----------------------------------------------------------------------------------------



Path 5: MET (9809 ps) Late External Delay Assertion at pin dout[4]
          Group: VCLK
     Startpoint: (F) din[3]
          Clock: (R) VCLK
       Endpoint: (R) dout[4]
          Clock: (R) VCLK

                     Capture       Launch     
        Clock Edge:+   10000            0     
        Drv Adjust:+       0            0     
       Src Latency:+       0            0     
       Net Latency:+       0 (I)        0 (I) 
           Arrival:=   10000            0     
                                              
      Output Delay:-       0                  
     Required Time:=   10000                  
      Launch Clock:-       0                  
       Input Delay:-       0                  
         Data Path:-     191                  
             Slack:=    9809                  

Exceptions/Constraints:
  input_delay               0              in_del_1_1   
  output_delay              0              ou_del       

#----------------------------------------------------------------------------------------
# Timing Point   Flags    Arc   Edge   Cell     Fanout Load Trans Delay Arrival Instance 
#                                                      (fF)  (ps)  (ps)   (ps)  Location 
#----------------------------------------------------------------------------------------
  din[3]         <<<     -      F     (arrival)      3  5.6     0     0       0    (-,-) 
  g756/ZN        -       A->ZN  R     INV_X1         7 16.1    39    59      59    (-,-) 
  g749__2346/ZN  -       A1->ZN F     NOR2_X1        2  3.8    13    36      95    (-,-) 
  g745/ZN        -       A->ZN  R     INV_X1         2  4.5    13    36     130    (-,-) 
  g734__6783/Z   -       A->Z   R     XOR2_X1        1  0.3    15    59     189    (-,-) 
  dout[4]        <<<     -      R     (port)         -    -     -     2     191    (-,-) 
#----------------------------------------------------------------------------------------

