============================================================
  Generated by:           Genus(TM) Synthesis Solution 23.14-s090_1
  Generated on:           Aug 28 2026  07:04:12 am
  Module:                 fides_sbox_lut
  Operating conditions:   typical (balanced_tree)
  Wireload mode:          enclosed
  Area mode:              timing library
============================================================

Timing
--------

Clock  Period 
--------------
VCLK  10000.0 


  Cost    Critical         Violating 
 Group   Path Slack  TNS     Paths   
-------------------------------------
default    No paths   0.0            
VCLK         9691.4   0.0          0 
-------------------------------------
Total                 0.0          0 

Instance Count
--------------
Leaf Instance Count             35 
Physical Instance count          0 
Sequential Instance Count        0 
Combinational Instance Count    35 
Hierarchical Instance Count      0 

Area
----
Cell Area                          35.910
Physical Cell Area                 0.000
Total Cell Area (Cell+Physical)    35.910
Net Area                           0.000
Total Area (Cell+Physical+Net)     35.910

Max Fanout                         9 (din[2])
Min Fanout                         1 (n_2)
Average Fanout                     2.3
Terms to net ratio                 3.0250
Terms to instance ratio            3.4571
Runtime                            19.962039 seconds
Elapsed Runtime                    20 seconds
Genus peak memory usage            1567.29 
Innovus peak memory usage          no_value 
Hostname                           dtvm
