============================================================
  Generated by:           Genus(TM) Synthesis Solution 23.14-s090_1
  Generated on:           Aug 28 2026  07:04:12 am
  Module:                 fides_sbox_lut
  Operating conditions:   typical (balanced_tree)
  Wireload mode:          enclosed
  Area mode:              timing library
============================================================

                             
   Gate    Instances   Area           Library          
-------------------------------------------------------
AND2_X1            1   1.064    NangateOpenCellLibrary 
AOI211_X1          1   1.330    NangateOpenCellLibrary 
AOI21_X1           2   2.128    NangateOpenCellLibrary 
AOI221_X1          1   1.596    NangateOpenCellLibrary 
INV_X1             7   3.724    NangateOpenCellLibrary 
NAND2_X1           3   2.394    NangateOpenCellLibrary 
NAND3_X1           2   2.128    NangateOpenCellLibrary 
NOR2_X1            5   3.990    NangateOpenCellLibrary 
NOR3_X1            3   3.192    NangateOpenCellLibrary 
OAI211_X1          1   1.330    NangateOpenCellLibrary 
OAI21_X1           1   1.064    NangateOpenCellLibrary 
OAI221_X1          2   3.192    NangateOpenCellLibrary 
OAI22_X1           1   1.330    NangateOpenCellLibrary 
OR2_X1             1   1.064    NangateOpenCellLibrary 
XNOR2_X1           3   4.788    NangateOpenCellLibrary 
XOR2_X1            1   1.596    NangateOpenCellLibrary 
-------------------------------------------------------
total             35  35.910                           


                                       
     Type      Instances  Area  Area % 
---------------------------------------
inverter               7  3.724   10.4 
logic                 28 32.186   89.6 
physical_cells         0  0.000    0.0 
---------------------------------------
total                 35 35.910  100.0 

